/COM,ANSYS RELEASE 2025 R1           BUILD 25.1      UP20241202       16:03:11

 *** WARNING ***                         CP =       0.391   TIME= 16:03:12
 Element shape checking is currently inactive.  Issue SHPP,ON or         
 SHPP,WARN to reactivate, if desired.                                    

 *** WARNING ***                         CP =       0.406   TIME= 16:03:12
 Material number 12 (used by element 24188) should normally have at      
 least one MP or one TB type command associated with it.  Output of      
 energy by material may not be available.                                

 *** WARNING ***                         CP =       0.562   TIME= 16:03:12
 Overconstraint may occur for Lagrange multiplier or MPC based contact   
 algorithm.                                                              

 *** WARNING ***                         CP =       0.562   TIME= 16:03:12
 Certain contact elements (for example 19713 & 19516) overlap with       
 other.                                                                  

 *** WARNING ***                         CP =      65.828   TIME= 16:04:22
 Coefficient ratio exceeds 1.0e8 - Check results.                        

 *** ERROR ***                           CP =      88.703   TIME= 16:04:47
 Solution not converged at time 1.E-03 (load step 1 substep 1).          
  Run terminated.                                                        

 *** WARNING ***                         CP =      88.703   TIME= 16:04:47
 The unconverged solution (identified as time 1 substep 999999) is       
 output for analysis debug purposes.  Results should not be used for     
 any other purpose.                                                      
