
 Ansys Mechanical Enterprise                       


 *------------------------------------------------------------------*
 |                                                                  |
 |   W E L C O M E   T O   T H E   A N S Y S (R)  P R O G R A M     |
 |                                                                  |
 *------------------------------------------------------------------*




 ***************************************************************
 *         ANSYS MAPDL 2025 R1          LEGAL NOTICES          *
 ***************************************************************
 *                                                             *
 * Copyright 1971-2025 Ansys, Inc.  All rights reserved.       *
 * Unauthorized use, distribution or duplication is            *
 * prohibited.                                                 *
 *                                                             *
 * Ansys is a registered trademark of Ansys, Inc. or its       *
 * subsidiaries in the United States or other countries.       *
 * See the Ansys, Inc. online documentation or the Ansys, Inc. *
 * documentation CD or online help for the complete Legal      *
 * Notice.                                                     *
 *                                                             *
 ***************************************************************
 *                                                             *
 * THIS ANSYS SOFTWARE PRODUCT AND PROGRAM DOCUMENTATION       *
 * INCLUDE TRADE SECRETS AND CONFIDENTIAL AND PROPRIETARY      *
 * PRODUCTS OF ANSYS, INC., ITS SUBSIDIARIES, OR LICENSORS.    *
 * The software products and documentation are furnished by    *
 * Ansys, Inc. or its subsidiaries under a software license    *
 * agreement that contains provisions concerning               *
 * non-disclosure, copying, length and nature of use,          *
 * compliance with exporting laws, warranties, disclaimers,    *
 * limitations of liability, and remedies, and other           *
 * provisions.  The software products and documentation may be *
 * used, disclosed, transferred, or copied only in accordance  *
 * with the terms and conditions of that software license      *
 * agreement.                                                  *
 *                                                             *
 * Ansys, Inc. is a UL registered                              *
 * ISO 9001:2015 company.                                      *
 *                                                             *
 ***************************************************************
 *                                                             *
 * This product is subject to U.S. laws governing export and   *
 * re-export.                                                  *
 *                                                             *
 * For U.S. Government users, except as specifically granted   *
 * by the Ansys, Inc. software license agreement, the use,     *
 * duplication, or disclosure by the United States Government  *
 * is subject to restrictions stated in the Ansys, Inc.        *
 * software license agreement and FAR 12.212 (for non-DOD      *
 * licenses).                                                  *
 *                                                             *
 ***************************************************************

 2025 R1 
     
 Point Releases and Patches installed:   
     
 Ansys Service Pack 2025 R1.64   
 Discovery (full install) 2025 R1.64 
 Core WB Files 2025 R1.64
 Ansys Dynamic Reporting 2025 R1.64  
 CFX (includes CFD-Post) 2025 R1.64  
 Chemkin 2025 R1.64  
 EnSight 2025 R1.64  
 FENSAP-ICE 2025 R1.64   
 Fluent (includes CFD-Post) 2025 R1.64   
 Polyflow (includes CFD-Post) 2025 R1.64 
 Forte (includes EnSight) 2025 R1.64 
 Rocky 2025 R1.64
 TurboGrid 2025 R1.64
 ACIS Geometry Interface 2025 R1.64  
 AutoCAD Geometry Interface 2025 R1.64   
 Catia, Version 4 Geometry Interface 2025 R1.64  
 Catia, Version 5 Geometry Interface 2025 R1.64  
 Catia, Version 6 Geometry Interface 2025 R1.64  
 Creo Elements/Direct Modeling Geometry Interface 2025 R1.64 
 Creo Parametric Geometry Interface 2025 R1.64   
 Inventor Geometry Interface 2025 R1.64  
 JTOpen Geometry Interface 2025 R1.64
 NX Geometry Interface 2025 R1.64
 Parasolid Geometry Interface  2025 R1.64
 Solid Edge Geometry Interface 2025 R1.64
 SOLIDWORKS Geometry Interface 2025 R1.64
 Speos 2025 R1.64
 SpaceClaim 2025 R1.64   
 Speos RPC 2025 R1.64
 Aqwa 2025 R1.64 
 Autodyn 2025 R1.64  
 Material Calibration App 2025 R1.64 
 Mechanical Products 2025 R1.64  
 Motion 2025 R1.64   
 Academic Student 2025 R1.64 


          *****  MAPDL COMMAND LINE ARGUMENTS  *****
  BATCH MODE REQUESTED (-b)    = NOLIST
  INPUT FILE COPY MODE (-c)    = COPY
  DISTRIBUTED MEMORY PARALLEL REQUESTED
       4 PARALLEL PROCESSES REQUESTED WITH SINGLE THREAD PER PROCESS
    TOTAL OF     4 CORES REQUESTED
  INPUT FILE NAME              = CONIN$
  OUTPUT FILE NAME             = C:\Users\mundy\OneDrive\Documents\UCI Stuff\BME 60D\_ProjectScratch\ScrB5E6\file2.out
  START-UP FILE MODE           = NOREAD
  STOP FILE MODE               = NOREAD

 RELEASE= 2025 R1              BUILD= 25.1      UP20241202   VERSION=WINDOWS x64 
 CURRENT JOBNAME=file2  14:52:48  JUN 13, 2025 CP=      0.109


 *****  MAPDL SOLUTION ROUTINE  *****

 FINISH SOLUTION PROCESSING


 ***** ROUTINE COMPLETED *****  CP =         0.250



 PRINTOUT RESUMED BY /GOP


 NUMBER OF WARNING MESSAGES ENCOUNTERED=          0
 NUMBER OF ERROR   MESSAGES ENCOUNTERED=          0


 *-----------------------------------------------------------------------------*
 |                                                                             |
 |                               RUN COMPLETED                                 |
 |                                                                             |
 |-----------------------------------------------------------------------------|
 |                                                                             |
 |  Ansys MAPDL 2025 R1         Build 25.1         UP20241202    WINDOWS x64   |
 |                                                                             |
 |-----------------------------------------------------------------------------|
 |                                                                             |
 |  Database Requested(-db)     1 MB     Scratch Memory Requested       192 MB |
 |  Maximum Database Used       1 MB     Maximum Scratch Memory Used      5 MB |
 |                                                                             |
 |-----------------------------------------------------------------------------|
 |                                                                             |
 |        CP Time      (sec) =          0.266       Time  =  14:52:48          |
 |        Elapsed Time (sec) =          2.000       Date  =  06/13/2025        |
 |                                                                             |
 *-----------------------------------------------------------------------------*
